******************************************************************************
                  TI ARM Linker PC v16.9.11                    
******************************************************************************
>> Linked Sun Apr 05 15:16:55 2020

OUTPUT FILE NAME:   <Load_Emulator_Loris.out>
ENTRY POINT SYMBOL: "_c_int00"  address: 00000ac5


MEMORY CONFIGURATION

         name            origin    length      used     unused   attr    fill
----------------------  --------  ---------  --------  --------  ----  --------
  FLASH                 00000000   00100000  00000eb0  000ff150  R  X
  SRAM                  20000000   00040000  00000e98  0003f168  RW X


SEGMENT ALLOCATION MAP

run origin  load origin   length   init length attrs members
----------  ----------- ---------- ----------- ----- -------
00000000    00000000    00000eb0   00000eb0    r-x
  00000000    00000000    00000208   00000208    r-- .intvecs
  00000208    00000208    00000b70   00000b70    r-x .text
  00000d78    00000d78    00000110   00000110    r-- .const
  00000e88    00000e88    00000028   00000028    r-- .cinit
20000000    20000000    00000e98   00000000    rw-
  20000000    20000000    00000c98   00000000    rw- .data
  20000c98    20000c98    00000200   00000000    rw- .stack


SECTION ALLOCATION MAP

 output                                  attributes/
section   page    origin      length       input sections
--------  ----  ----------  ----------   ----------------
.intvecs   0    00000000    00000208     
                  00000000    00000208     tm4c1294ncpdt_startup_ccs.obj (.intvecs)

.text      0    00000208    00000b70     
                  00000208    000001a8     I2C.obj (.text)
                  000003b0    00000154     Queue.obj (.text)
                  00000504    00000132     driverlib.lib : gpio.obj (.text:GPIOPadConfigSet)
                  00000636    00000002     rtsv7M4_T_le_v4SPD16_eabi.lib : mpu_init.obj (.text)
                  00000638    00000120     UART.obj (.text)
                  00000758    000000c0     Utilities.obj (.text)
                  00000818    0000009c     rtsv7M4_T_le_v4SPD16_eabi.lib : memcpy_t2.obj (.text)
                  000008b4    0000007c     main.obj (.text)
                  00000930    00000070     rtsv7M4_T_le_v4SPD16_eabi.lib : autoinit.obj (.text)
                  000009a0    00000068     driverlib.lib : interrupt.obj (.text:IntEnable)
                  00000a08    00000068     rtsv7M4_T_le_v4SPD16_eabi.lib : copy_decompress_lzss.obj (.text:decompress:lzss)
                  00000a70    00000054     HoldingBuffer.obj (.text)
                  00000ac4    00000054     rtsv7M4_T_le_v4SPD16_eabi.lib : boot.obj (.text)
                  00000b18    00000054                                   : exit.obj (.text)
                  00000b6c    00000050     driverlib.lib : sysctl.obj (.text:SysCtlPeripheralReset)
                  00000bbc    0000004c     rtsv7M4_T_le_v4SPD16_eabi.lib : cpy_tbl.obj (.text)
                  00000c08    00000048     driverlib.lib : gpio.obj (.text:GPIOPinConfigure)
                  00000c50    00000034                   : sysctl.obj (.text:SysCtlPeripheralEnable)
                  00000c84    0000002a                   : gpio.obj (.text:GPIODirModeSet)
                  00000cae    00000002     rtsv7M4_T_le_v4SPD16_eabi.lib : startup.obj (.text)
                  00000cb0    00000018                                   : args_main.obj (.text)
                  00000cc8    00000014                                   : _lock.obj (.text)
                  00000cdc    00000014                                   : strlen.obj (.text)
                  00000cf0    00000012     driverlib.lib : gpio.obj (.text:GPIOPinTypeI2C)
                  00000d02    00000012                   : gpio.obj (.text:GPIOPinTypeI2CSCL)
                  00000d14    00000010                   : i2c.obj (.text:I2CSlaveEnable)
                  00000d24    0000000e                   : i2c.obj (.text:I2CSlaveInit)
                  00000d32    0000000e                   : i2c.obj (.text:I2CSlaveIntStatusEx)
                  00000d40    0000000e     rtsv7M4_T_le_v4SPD16_eabi.lib : copy_decompress_none.obj (.text:decompress:none)
                  00000d4e    0000000c     driverlib.lib : i2c.obj (.text:I2CSlaveIntEnableEx)
                  00000d5a    0000000c     tm4c1294ncpdt_startup_ccs.obj (.text)
                  00000d66    00000008     driverlib.lib : i2c.obj (.text:I2CSlaveIntClear)
                  00000d6e    00000006                   : i2c.obj (.text:I2CSlaveIntClearEx)
                  00000d74    00000004     rtsv7M4_T_le_v4SPD16_eabi.lib : pre_init.obj (.text)

.const     0    00000d78    00000110     
                  00000d78    00000090     driverlib.lib : gpio.obj (.const:g_pui32GPIOBaseAddrs)
                  00000e08    00000070                   : interrupt.obj (.const)
                  00000e78    00000008     Utilities.obj (.const:$P$T0$1)
                  00000e80    00000008     main.obj (.const:$P$T0$1)

.cinit     0    00000e88    00000028     
                  00000e88    00000016     (.cinit..data.load) [load image, compression = lzss]
                  00000e9e    00000002     --HOLE-- [fill = 0]
                  00000ea0    00000008     (__TI_handler_table)
                  00000ea8    00000008     (__TI_cinit_table)

.init_array 
*          0    00000000    00000000     UNINITIALIZED

.data      0    20000000    00000c98     UNINITIALIZED
                  20000000    00000c18     Queue.obj (.data:interruptQueues)
                  20000c18    00000054     HoldingBuffer.obj (.data:holdingBuf)
                  20000c6c    0000000c     rtsv7M4_T_le_v4SPD16_eabi.lib : exit.obj (.data:$O1$$)
                  20000c78    00000008                                   : _lock.obj (.data:$O1$$)
                  20000c80    00000008     I2C.obj (.data:Data)
                  20000c88    00000008     UART.obj (.data:Data)
                  20000c90    00000004     I2C.obj (.data)
                  20000c94    00000004     rtsv7M4_T_le_v4SPD16_eabi.lib : stkdepth_vars.obj (.data)

.stack     0    20000c98    00000200     UNINITIALIZED
                  20000c98    00000200     --HOLE--

MODULE SUMMARY

       Module                          code   ro data   rw data
       ------                          ----   -------   -------
    .\
       Queue.obj                       340    0         3096   
       tm4c1294ncpdt_startup_ccs.obj   12     520       0      
       I2C.obj                         424    0         12     
       UART.obj                        288    0         8      
       Utilities.obj                   192    8         0      
       HoldingBuffer.obj               84     0         84     
       main.obj                        124    8         0      
    +--+-------------------------------+------+---------+---------+
       Total:                          1464   536       3200   
                                                               
    C:/ti/tivaware_c_series_2_1_4_178/driverlib/ccs/Debug/driverlib.lib
       gpio.obj                        456    144       0      
       interrupt.obj                   104    112       0      
       sysctl.obj                      132    0         0      
       i2c.obj                         70     0         0      
    +--+-------------------------------+------+---------+---------+
       Total:                          762    256       0      
                                                               
    C:\ti\ccsv7\tools\compiler\ti-cgt-arm_16.9.11.LTS\lib\rtsv7M4_T_le_v4SPD16_eabi.lib
       memcpy_t2.obj                   156    0         0      
       autoinit.obj                    112    0         0      
       copy_decompress_lzss.obj        104    0         0      
       exit.obj                        84     0         12     
       boot.obj                        84     0         0      
       cpy_tbl.obj                     76     0         0      
       _lock.obj                       20     0         8      
       args_main.obj                   24     0         0      
       strlen.obj                      20     0         0      
       copy_decompress_none.obj        14     0         0      
       pre_init.obj                    4      0         0      
       stkdepth_vars.obj               0      0         4      
       mpu_init.obj                    2      0         0      
       startup.obj                     2      0         0      
    +--+-------------------------------+------+---------+---------+
       Total:                          702    0         24     
                                                               
       Stack:                          0      0         512    
       Linker Generated:               0      38        0      
    +--+-------------------------------+------+---------+---------+
       Grand Total:                    2928   830       3736   


LINKER GENERATED COPY TABLES

__TI_cinit_table @ 00000ea8 records: 1, size/record: 8, table size: 8
	.data: load addr=00000e88, load size=00000016 bytes, run addr=20000000, run size=00000c98 bytes, compression=lzss


LINKER GENERATED HANDLER TABLE

__TI_handler_table @ 00000ea0 records: 2, size/record: 4, table size: 8
	index: 0, handler: __TI_decompress_lzss
	index: 1, handler: __TI_decompress_none


GLOBAL SYMBOLS: SORTED ALPHABETICALLY BY Name 

address   name                           
-------   ----                           
00000b19  C$$EXIT                        
00000c85  GPIODirModeSet                 
00000505  GPIOPadConfigSet               
00000c09  GPIOPinConfigure               
00000cf1  GPIOPinTypeI2C                 
00000d03  GPIOPinTypeI2CSCL              
00000209  I2C0_Init                      
000002bb  I2C0_IntHandler                
00000d15  I2CSlaveEnable                 
00000d25  I2CSlaveInit                   
00000d67  I2CSlaveIntClear               
00000d6f  I2CSlaveIntClearEx             
00000d4f  I2CSlaveIntEnableEx            
00000d33  I2CSlaveIntStatusEx            
000009a1  IntEnable                      
00000759  InterruptEnable                
00000d5b  ResetISR                       
UNDEFED   SHT$$INIT_ARRAY$$Base          
UNDEFED   SHT$$INIT_ARRAY$$Limit         
00000c51  SysCtlPeripheralEnable         
00000b6d  SysCtlPeripheralReset          
00000639  UART0_Init                     
00000697  UART0_IntEnable                
000006c7  UART0_IntHandler               
20000e98  __STACK_END                    
00000200  __STACK_SIZE                   
20000e98  __STACK_TOP                    
00000ea8  __TI_CINIT_Base                
00000eb0  __TI_CINIT_Limit               
00000ea0  __TI_Handler_Table_Base        
00000ea8  __TI_Handler_Table_Limit       
00000931  __TI_auto_init                 
20000c6c  __TI_cleanup_ptr               
00000a09  __TI_decompress_lzss           
00000d41  __TI_decompress_none           
20000c70  __TI_dtors_ptr                 
20000c74  __TI_enable_exit_profile_output
ffffffff  __TI_pprof_out_hndl            
ffffffff  __TI_prof_data_size            
ffffffff  __TI_prof_data_start           
00000000  __TI_static_base__             
00000819  __aeabi_memcpy                 
00000819  __aeabi_memcpy4                
00000819  __aeabi_memcpy8                
ffffffff  __binit__                      
ffffffff  __c_args__                     
00000637  __mpu_init                     
20000c98  __stack                        
00000cb1  _args_main                     
00000ac5  _c_int00                       
20000c78  _lock                          
00000cd7  _nop                           
00000ccf  _register_lock                 
00000cc9  _register_unlock               
00000caf  _system_post_cinit             
00000d75  _system_pre_init               
20000c7c  _unlock                        
00000b1d  abort                          
00000a71  add                            
ffffffff  binit                          
00000bbd  copy_in                        
0000046f  dequeue                        
00000ab3  empty                          
000003b1  enqueue                        
00000b25  exit                           
000006ab  forceOutput                    
00000000  g_pfnVectors                   
000008b5  main                           
20000c94  main_func_sp                   
00000819  memcpy                         
000007b7  myAtoi                         
00000789  printString                    
0000027b  processI2C                     
00000a9b  remove                         
00000cdd  strlen                         


GLOBAL SYMBOLS: SORTED BY Symbol Address 

address   name                           
-------   ----                           
00000000  __TI_static_base__             
00000000  g_pfnVectors                   
00000200  __STACK_SIZE                   
00000209  I2C0_Init                      
0000027b  processI2C                     
000002bb  I2C0_IntHandler                
000003b1  enqueue                        
0000046f  dequeue                        
00000505  GPIOPadConfigSet               
00000637  __mpu_init                     
00000639  UART0_Init                     
00000697  UART0_IntEnable                
000006ab  forceOutput                    
000006c7  UART0_IntHandler               
00000759  InterruptEnable                
00000789  printString                    
000007b7  myAtoi                         
00000819  __aeabi_memcpy                 
00000819  __aeabi_memcpy4                
00000819  __aeabi_memcpy8                
00000819  memcpy                         
000008b5  main                           
00000931  __TI_auto_init                 
000009a1  IntEnable                      
00000a09  __TI_decompress_lzss           
00000a71  add                            
00000a9b  remove                         
00000ab3  empty                          
00000ac5  _c_int00                       
00000b19  C$$EXIT                        
00000b1d  abort                          
00000b25  exit                           
00000b6d  SysCtlPeripheralReset          
00000bbd  copy_in                        
00000c09  GPIOPinConfigure               
00000c51  SysCtlPeripheralEnable         
00000c85  GPIODirModeSet                 
00000caf  _system_post_cinit             
00000cb1  _args_main                     
00000cc9  _register_unlock               
00000ccf  _register_lock                 
00000cd7  _nop                           
00000cdd  strlen                         
00000cf1  GPIOPinTypeI2C                 
00000d03  GPIOPinTypeI2CSCL              
00000d15  I2CSlaveEnable                 
00000d25  I2CSlaveInit                   
00000d33  I2CSlaveIntStatusEx            
00000d41  __TI_decompress_none           
00000d4f  I2CSlaveIntEnableEx            
00000d5b  ResetISR                       
00000d67  I2CSlaveIntClear               
00000d6f  I2CSlaveIntClearEx             
00000d75  _system_pre_init               
00000ea0  __TI_Handler_Table_Base        
00000ea8  __TI_CINIT_Base                
00000ea8  __TI_Handler_Table_Limit       
00000eb0  __TI_CINIT_Limit               
20000c6c  __TI_cleanup_ptr               
20000c70  __TI_dtors_ptr                 
20000c74  __TI_enable_exit_profile_output
20000c78  _lock                          
20000c7c  _unlock                        
20000c94  main_func_sp                   
20000c98  __stack                        
20000e98  __STACK_END                    
20000e98  __STACK_TOP                    
ffffffff  __TI_pprof_out_hndl            
ffffffff  __TI_prof_data_size            
ffffffff  __TI_prof_data_start           
ffffffff  __binit__                      
ffffffff  __c_args__                     
ffffffff  binit                          
UNDEFED   SHT$$INIT_ARRAY$$Base          
UNDEFED   SHT$$INIT_ARRAY$$Limit         

[75 symbols]
